[    0.000000] Initializing cgroup subsys cpuset
[    0.000000] Initializing cgroup subsys cpu
[    0.000000] Initializing cgroup subsys cpuacct
[    0.000000] Linux version 4.4.0-210-generic (buildd@lgw01-amd64-009) (gcc version 5.4.0 20160609 (Ubuntu 5.4.0-6ubuntu1~16.04.12) ) #242-Ubuntu SMP Fri Apr 16 09:57:56 UTC 2021 (Ubuntu 4.4.0-210.242-generic 4.4.262)
[    0.000000] Command line: BOOT_IMAGE=/boot/vmlinuz-4.4.0-210-generic root=LABEL=cloudimg-rootfs ro console=tty1 console=ttyS0
[    0.000000] KERNEL supported cpus:
[    0.000000]   Intel GenuineIntel
[    0.000000]   AMD AuthenticAMD
[    0.000000]   Centaur CentaurHauls
[    0.000000] x86/fpu: Legacy x87 FPU detected.
[    0.000000] e820: BIOS-provided physical RAM map:
[    0.000000] BIOS-e820: [mem 0x0000000000000000-0x000000000009fbff] usable
[    0.000000] BIOS-e820: [mem 0x000000000009fc00-0x000000000009ffff] reserved
[    0.000000] BIOS-e820: [mem 0x00000000000f0000-0x00000000000fffff] reserved
[    0.000000] BIOS-e820: [mem 0x0000000000100000-0x000000003ffeffff] usable
[    0.000000] BIOS-e820: [mem 0x000000003fff0000-0x000000003fffffff] ACPI data
[    0.000000] BIOS-e820: [mem 0x00000000fec00000-0x00000000fec00fff] reserved
[    0.000000] BIOS-e820: [mem 0x00000000fee00000-0x00000000fee00fff] reserved
[    0.000000] BIOS-e820: [mem 0x00000000fffc0000-0x00000000ffffffff] reserved
[    0.000000] NX (Execute Disable) protection: active
[    0.000000] SMBIOS 2.5 present.
[    0.000000] Hypervisor detected: KVM
[    0.000000] Kernel/User page tables isolation: disabled
[    0.000000] e820: last_pfn = 0x3fff0 max_arch_pfn = 0x400000000
[    0.000000] MTRR: Disabled
[    0.000000] x86/PAT: MTRRs disabled, skipping PAT initialization too.
[    0.000000] CPU MTRRs all blank - virtualized system.
[    0.000000] x86/PAT: Configuration [0-7]: WB  WT  UC- UC  WB  WT  UC- UC  
[    0.000000] found SMP MP-table at [mem 0x0009fff0-0x0009ffff] mapped at [ffff88000009fff0]
[    0.000000] Scanning 1 areas for low memory corruption
[    0.000000] RAMDISK: [mem 0x362dc000-0x37165fff]
[    0.000000] ACPI: Early table checksum verification disabled
[    0.000000] ACPI: RSDP 0x00000000000E0000 000024 (v02 VBOX  )
[    0.000000] ACPI: XSDT 0x000000003FFF0030 00003C (v01 VBOX   VBOXXSDT 00000001 ASL  00000061)
[    0.000000] ACPI: FACP 0x000000003FFF00F0 0000F4 (v04 VBOX   VBOXFACP 00000001 ASL  00000061)
[    0.000000] ACPI: DSDT 0x000000003FFF0610 002353 (v02 VBOX   VBOXBIOS 00000002 INTL 20100528)
[    0.000000] ACPI: FACS 0x000000003FFF0200 000040
[    0.000000] ACPI: FACS 0x000000003FFF0200 000040
[    0.000000] ACPI: APIC 0x000000003FFF0240 00005C (v02 VBOX   VBOXAPIC 00000001 ASL  00000061)
[    0.000000] ACPI: SSDT 0x000000003FFF02A0 00036C (v01 VBOX   VBOXCPUT 00000002 INTL 20100528)
[    0.000000] No NUMA configuration found
[    0.000000] Faking a node at [mem 0x0000000000000000-0x000000003ffeffff]
[    0.000000] NODE_DATA(0) allocated [mem 0x3ffeb000-0x3ffeffff]
[    0.000000] kvm-clock: Using msrs 4b564d01 and 4b564d00
[    0.000000] kvm-clock: cpu 0, msr 0:3ffe3001, primary cpu clock
[    0.000000] kvm-clock: using sched offset of 3326743639 cycles
[    0.000000] clocksource: kvm-clock: mask: 0xffffffffffffffff max_cycles: 0x1cd42e4dffb, max_idle_ns: 881590591483 ns
[    0.000000] Zone ranges:
[    0.000000]   DMA      [mem 0x0000000000001000-0x0000000000ffffff]
[    0.000000]   DMA32    [mem 0x0000000001000000-0x000000003ffeffff]
[    0.000000]   Normal   empty
[    0.000000]   Device   empty
[    0.000000] Movable zone start for each node
[    0.000000] Early memory node ranges
[    0.000000]   node   0: [mem 0x0000000000001000-0x000000000009efff]
[    0.000000]   node   0: [mem 0x0000000000100000-0x000000003ffeffff]
[    0.000000] Initmem setup node 0 [mem 0x0000000000001000-0x000000003ffeffff]
[    0.000000] ACPI: PM-Timer IO Port: 0x4008
[    0.000000] IOAPIC[0]: apic_id 2, version 32, address 0xfec00000, GSI 0-23
[    0.000000] ACPI: INT_SRC_OVR (bus 0 bus_irq 0 global_irq 2 dfl dfl)
[    0.000000] ACPI: INT_SRC_OVR (bus 0 bus_irq 9 global_irq 9 low level)
[    0.000000] Using ACPI (MADT) for SMP configuration information
[    0.000000] smpboot: Allowing 2 CPUs, 0 hotplug CPUs
[    0.000000] PM: Registered nosave memory: [mem 0x00000000-0x00000fff]
[    0.000000] PM: Registered nosave memory: [mem 0x0009f000-0x0009ffff]
[    0.000000] PM: Registered nosave memory: [mem 0x000a0000-0x000effff]
[    0.000000] PM: Registered nosave memory: [mem 0x000f0000-0x000fffff]
[    0.000000] e820: [mem 0x40000000-0xfebfffff] available for PCI devices
[    0.000000] Booting paravirtualized kernel on KVM
[    0.000000] clocksource: refined-jiffies: mask: 0xffffffff max_cycles: 0xffffffff, max_idle_ns: 7645519600211568 ns
[    0.000000] setup_percpu: NR_CPUS:512 nr_cpumask_bits:512 nr_cpu_ids:2 nr_node_ids:1
[    0.000000] PERCPU: Embedded 33 pages/cpu @ffff88003fc00000 s95192 r8192 d31784 u1048576
[    0.000000] Built 1 zonelists in Node order, mobility grouping on.  Total pages: 257912
[    0.000000] Policy zone: DMA32
[    0.000000] Kernel command line: BOOT_IMAGE=/boot/vmlinuz-4.4.0-210-generic root=LABEL=cloudimg-rootfs ro console=tty1 console=ttyS0
[    0.000000] PID hash table entries: 4096 (order: 3, 32768 bytes)
[    0.000000] Memory: 997792K/1048120K available (8644K kernel code, 1332K rwdata, 4044K rodata, 1492K init, 1164K bss, 50328K reserved, 0K cma-reserved)
[    0.000000] SLUB: HWalign=64, Order=0-3, MinObjects=0, CPUs=2, Nodes=1
[    0.000000] Hierarchical RCU implementation.
[    0.000000] 	Build-time adjustment of leaf fanout to 64.
[    0.000000] 	RCU restricting CPUs from NR_CPUS=512 to nr_cpu_ids=2.
[    0.000000] RCU: Adjusting geometry for rcu_fanout_leaf=64, nr_cpu_ids=2
[    0.000000] NR_IRQS:33024 nr_irqs:440 16
[    0.000000] Console: colour VGA+ 80x25
[    0.000000] console [tty1] enabled
[    0.000000] console [ttyS0] enabled
[    0.000000] tsc: Detected 2304.006 MHz processor
[    0.428149] Calibrating delay loop (skipped) preset value.. 4608.01 BogoMIPS (lpj=9216024)
[    0.433502] pid_max: default: 32768 minimum: 301
[    0.436428] ACPI: Core revision 20150930
[    0.440221] ACPI: 2 ACPI AML tables successfully acquired and loaded
[    0.444713] Security Framework initialized
[    0.447407] Yama: becoming mindful.
[    0.449667] AppArmor: AppArmor initialized
[    0.452375] Dentry cache hash table entries: 131072 (order: 8, 1048576 bytes)
[    0.460482] Inode-cache hash table entries: 65536 (order: 7, 524288 bytes)
[    0.468056] Mount-cache hash table entries: 2048 (order: 2, 16384 bytes)
[    0.472732] Mountpoint-cache hash table entries: 2048 (order: 2, 16384 bytes)
[    0.481020] Initializing cgroup subsys io
[    0.484140] Initializing cgroup subsys memory
[    0.488579] Initializing cgroup subsys devices
[    0.491678] Initializing cgroup subsys freezer
[    0.494601] Initializing cgroup subsys net_cls
[    0.497567] Initializing cgroup subsys perf_event
[    0.500698] Initializing cgroup subsys net_prio
[    0.503847] Initializing cgroup subsys hugetlb
[    0.507132] Initializing cgroup subsys pids
[    0.522260] mce: CPU supports 0 MCE banks
[    0.527126] Last level iTLB entries: 4KB 64, 2MB 8, 4MB 8
[    0.530659] Last level dTLB entries: 4KB 64, 2MB 0, 4MB 0, 1GB 4
[    0.535632] Spectre V1 : Mitigation: usercopy/swapgs barriers and __user pointer sanitization
[    0.541880] Spectre V2 : Mitigation: Enhanced IBRS
[    0.545136] Spectre V2 : Spectre v2 / SpectreRSB mitigation: Filling RSB on context switch
[    0.550149] Speculative Store Bypass: Vulnerable
[    0.553055] SRBDS: Mitigation: TSX disabled
[    0.583359] Freeing SMP alternatives memory: 36K
[    0.643004] ftrace: allocating 32380 entries in 127 pages
[    1.028147] smpboot: APIC(0) Converting physical 0 to logical package 0
[    1.035735] smpboot: Max logical packages: 1
[    1.048039] ..TIMER: vector=0x30 apic1=0 pin1=2 apic2=-1 pin2=-1
[    1.161438] smpboot: CPU0: Intel(R) Core(TM) i7-10510U CPU @ 1.80GHz (family: 0x6, model: 0x8e, stepping: 0xc)
[    1.170022] Performance Events: unsupported p6 CPU model 142 no PMU driver, software events only.
[    1.244459] KVM setup paravirtual spinlock
[    1.249916] x86: Booting SMP configuration:
[    1.253147] .... node  #0, CPUs:      #1
[    1.257358] kvm-clock: cpu 1, msr 0:3ffe3041, secondary cpu clock
[    1.274670] mce: CPU supports 0 MCE banks
[    1.279241] x86: Booted up 1 node, 2 CPUs
[    1.282307] smpboot: Total of 2 processors activated (9216.02 BogoMIPS)
[    1.289499] devtmpfs: initialized
[    1.293180] evm: security.selinux
[    1.295234] evm: security.SMACK64
[    1.297429] evm: security.SMACK64EXEC
[    1.299746] evm: security.SMACK64TRANSMUTE
[    1.302420] evm: security.SMACK64MMAP
[    1.304717] evm: security.ima
[    1.306578] evm: security.capability
[    1.309667] clocksource: jiffies: mask: 0xffffffff max_cycles: 0xffffffff, max_idle_ns: 7645041785100000 ns
[    1.315652] futex hash table entries: 512 (order: 3, 32768 bytes)
[    1.319975] pinctrl core: initialized pinctrl subsystem
[    1.323468] RTC time: 13:19:44, date: 03/13/23
[    1.327281] NET: Registered protocol family 16
[    1.339754] cpuidle: using governor ladder
[    1.351475] cpuidle: using governor menu
[    1.357078] PCCT header not found.
[    1.361266] ACPI: bus type PCI registered
[    1.364096] acpiphp: ACPI Hot Plug PCI Controller Driver version: 0.5
[    1.368529] PCI: Using configuration type 1 for base access
[    1.387616] ACPI: Added _OSI(Module Device)
[    1.391284] ACPI: Added _OSI(Processor Device)
[    1.393936] ACPI: Added _OSI(3.0 _SCP Extensions)
[    1.396827] ACPI: Added _OSI(Processor Aggregator Device)
[    1.401064] ACPI: Executed 1 blocks of module-level executable AML code
[    1.407861] ACPI: Interpreter enabled
[    1.410221] ACPI: (supports S0 S5)
[    1.412478] ACPI: Using IOAPIC for interrupt routing
[    1.415849] PCI: Using host bridge windows from ACPI; if necessary, use "pci=nocrs" and report a bug
[    1.426304] ACPI: PCI Root Bridge [PCI0] (domain 0000 [bus 00-ff])
[    1.430007] acpi PNP0A03:00: _OSC: OS supports [ASPM ClockPM Segments MSI]
[    1.434697] acpi PNP0A03:00: _OSC: not requesting OS control; OS requires [ExtendedConfig ASPM ClockPM MSI]
[    1.440506] acpi PNP0A03:00: fail to add MMCONFIG information, can't access extended PCI configuration space under this bridge.
[    1.447814] PCI host bridge to bus 0000:00
[    1.450454] pci_bus 0000:00: root bus resource [io  0x0000-0x0cf7 window]
[    1.454583] pci_bus 0000:00: root bus resource [io  0x0d00-0xffff window]
[    1.460970] pci_bus 0000:00: root bus resource [mem 0x000a0000-0x000bffff window]
[    1.465841] pci_bus 0000:00: root bus resource [mem 0x40000000-0xfdffffff window]
[    1.470696] pci_bus 0000:00: root bus resource [bus 00-ff]
[    1.478490] pci 0000:00:01.1: legacy IDE quirk: reg 0x10: [io  0x01f0-0x01f7]
[    1.482725] pci 0000:00:01.1: legacy IDE quirk: reg 0x14: [io  0x03f6]
[    1.486761] pci 0000:00:01.1: legacy IDE quirk: reg 0x18: [io  0x0170-0x0177]
[    1.491309] pci 0000:00:01.1: legacy IDE quirk: reg 0x1c: [io  0x0376]
[    1.510732] pci 0000:00:07.0: quirk: [io  0x4000-0x403f] claimed by PIIX4 ACPI
[    1.516166] pci 0000:00:07.0: quirk: [io  0x4100-0x410f] claimed by PIIX4 SMB
[    1.525056] ACPI: PCI Interrupt Link [LNKA] (IRQs 5 9 10 *11)
[    1.530240] ACPI: PCI Interrupt Link [LNKB] (IRQs 5 9 *10 11)
[    1.535801] ACPI: PCI Interrupt Link [LNKC] (IRQs 5 *9 10 11)
[    1.541109] ACPI: PCI Interrupt Link [LNKD] (IRQs 5 9 10 *11)
[    1.548695] ACPI: Enabled 2 GPEs in block 00 to 07
[    1.567063] vgaarb: setting as boot device: PCI:0000:00:02.0
[    1.571384] vgaarb: device added: PCI:0000:00:02.0,decodes=io+mem,owns=io+mem,locks=none
[    1.576434] vgaarb: loaded
[    1.578214] vgaarb: bridge control possible 0000:00:02.0
[    1.581840] SCSI subsystem initialized
[    1.584799] ACPI: bus type USB registered
[    1.587451] usbcore: registered new interface driver usbfs
[    1.591031] usbcore: registered new interface driver hub
[    1.594174] usbcore: registered new device driver usb
[    1.598583] PCI: Using ACPI for IRQ routing
[    1.601814] NetLabel: Initializing
[    1.604105] NetLabel:  domain hash size = 128
[    1.606830] NetLabel:  protocols = UNLABELED CIPSOv4
[    1.609877] NetLabel:  unlabeled traffic allowed by default
[    1.613778] amd_nb: Cannot enumerate AMD northbridges
[    1.617094] clocksource: Switched to clocksource kvm-clock
[    1.639517] AppArmor: AppArmor Filesystem Enabled
[    1.643167] pnp: PnP ACPI init
[    1.646313] pnp: PnP ACPI: found 3 devices
[    1.684317] clocksource: acpi_pm: mask: 0xffffff max_cycles: 0xffffff, max_idle_ns: 2085701024 ns
[    1.690506] NET: Registered protocol family 2
[    1.694247] TCP established hash table entries: 8192 (order: 4, 65536 bytes)
[    1.698574] TCP bind hash table entries: 8192 (order: 5, 131072 bytes)
[    1.702825] TCP: Hash tables configured (established 8192 bind 8192)
[    1.706878] UDP hash table entries: 512 (order: 2, 16384 bytes)
[    1.711227] UDP-Lite hash table entries: 512 (order: 2, 16384 bytes)
[    1.715177] NET: Registered protocol family 1
[    1.717749] pci 0000:00:00.0: Limiting direct PCI/PCI transfers
[    1.721338] pci 0000:00:01.0: Activating ISA DMA hang workarounds
[    1.725261] Unpacking initramfs...
[    1.975792] Freeing initrd memory: 14888K
[    1.979404] clocksource: tsc: mask: 0xffffffffffffffff max_cycles: 0x2135fd711f6, max_idle_ns: 440795262176 ns
[    1.985213] platform rtc_cmos: registered platform RTC device (no PNP device found)
[    1.989747] Scanning for low memory corruption every 60 seconds
[    1.997015] audit: initializing netlink subsys (disabled)
[    2.001351] audit: type=2000 audit(1678713589.290:1): initialized
[    2.005797] Initialise system trusted keyring
[    2.009946] HugeTLB registered 2 MB page size, pre-allocated 0 pages
[    2.015715] zbud: loaded
[    2.017961] VFS: Disk quotas dquot_6.6.0
[    2.020419] VFS: Dquot-cache hash table entries: 512 (order 0, 4096 bytes)
[    2.025594] squashfs: version 4.0 (2009/01/31) Phillip Lougher
[    2.030135] fuse init (API version 7.23)
[    2.033067] Key type big_key registered
[    2.035680] Allocating IMA MOK and blacklist keyrings.
[    2.050850] Key type asymmetric registered
[    2.053425] Asymmetric key parser 'x509' registered
[    2.056497] Block layer SCSI generic (bsg) driver version 0.4 loaded (major 249)
[    2.061671] io scheduler noop registered
[    2.064146] io scheduler deadline registered (default)
[    2.067417] io scheduler cfq registered
[    2.070010] pci_hotplug: PCI Hot Plug PCI Core version: 0.5
[    2.073449] pciehp: PCI Express Hot Plug Controller Driver version: 0.4
[    2.077647] ACPI: AC Adapter [AC] (on-line)
[    2.080326] input: Power Button as /devices/LNXSYSTM:00/LNXPWRBN:00/input/input0
[    2.085237] ACPI: Power Button [PWRF]
[    2.087927] input: Sleep Button as /devices/LNXSYSTM:00/LNXSLPBN:00/input/input1
[    2.092850] ACPI: Sleep Button [SLPF]
[    2.095931] GHES: HEST is not enabled!
[    2.097060] ACPI: Battery Slot [BAT0] (battery present)
[    2.102180] Serial: 8250/16550 driver, 32 ports, IRQ sharing enabled
[    2.129980] 00:02: ttyS0 at I/O 0x3f8 (irq = 4, base_baud = 115200) is a 16550A
[    2.149787] Linux agpgart interface v0.103
[    2.164135] loop: module loaded
[    2.169268] scsi host0: ata_piix
[    2.172914] scsi host1: ata_piix
[    2.175411] ata1: PATA max UDMA/33 cmd 0x1f0 ctl 0x3f6 bmdma 0xd000 irq 14
[    2.179354] ata2: PATA max UDMA/33 cmd 0x170 ctl 0x376 bmdma 0xd008 irq 15
[    2.183846] libphy: Fixed MDIO Bus: probed
[    2.187356] tun: Universal TUN/TAP device driver, 1.6
[    2.190770] tun: (C) 1999-2004 Max Krasnyansky <maxk@qualcomm.com>
[    2.195487] PPP generic driver version 2.4.2
[    2.198629] ehci_hcd: USB 2.0 'Enhanced' Host Controller (EHCI) Driver
[    2.202645] ehci-pci: EHCI PCI platform driver
[    2.205453] ehci-platform: EHCI generic platform driver
[    2.208745] ohci_hcd: USB 1.1 'Open' Host Controller (OHCI) Driver
[    2.212796] ohci-pci: OHCI PCI platform driver
[    2.215815] ohci-platform: OHCI generic platform driver
[    2.219051] uhci_hcd: USB Universal Host Controller Interface driver
[    2.223206] i8042: PNP: PS/2 Controller [PNP0303:PS2K,PNP0f03:PS2M] at 0x60,0x64 irq 1,12
[    2.231058] serio: i8042 KBD port at 0x60,0x64 irq 1
[    2.234288] serio: i8042 AUX port at 0x60,0x64 irq 12
[    2.238375] mousedev: PS/2 mouse device common for all mice
[    2.245163] rtc_cmos rtc_cmos: rtc core: registered rtc_cmos as rtc0
[    2.249390] input: AT Translated Set 2 keyboard as /devices/platform/i8042/serio0/input/input2
[    2.253842] rtc_cmos rtc_cmos: alarms up to one day, 114 bytes nvram
[    2.253849] i2c /dev entries driver
[    2.253924] device-mapper: uevent: version 1.0.3
[    2.253995] device-mapper: ioctl: 4.34.0-ioctl (2015-10-28) initialised: dm-devel@redhat.com
[    2.254010] ledtrig-cpu: registered to indicate activity on CPUs
[    2.257939] NET: Registered protocol family 10
[    2.258070] NET: Registered protocol family 17
[    2.258081] Key type dns_resolver registered
[    2.258369] registered taskstats version 1
[    2.258377] Loading compiled-in X.509 certificates
[    2.258786] Loaded X.509 cert 'Build time autogenerated kernel key: cf00e047681d67edb2720680708b7d9498083038'
[    2.258800] zswap: loaded using pool lzo/zbud
[    2.260138] Key type trusted registered
[    2.262569] Key type encrypted registered
[    2.262572] AppArmor: AppArmor sha1 policy hashing enabled
[    2.262574] ima: No TPM chip found, activating TPM-bypass!
[    2.262580] ima: Allocated hash algorithm: sha1
[    2.262621] evm: HMAC attrs: 0x1
[    2.263049]   Magic number: 15:606:331
[    2.263064] tty tty52: hash matches
[    2.264181] rtc_cmos rtc_cmos: setting system clock to 2023-03-13 13:19:45 UTC (1678713585)
[    2.264233] BIOS EDD facility v0.16 2004-Jun-25, 0 devices found
[    2.264233] EDD information not available.
[    2.388807] Freeing unused kernel memory: 1492K
[    2.401985] Write protecting the kernel read-only data: 14336k
[    2.408389] Freeing unused kernel memory: 1584K
[    2.411819] Freeing unused kernel memory: 52K
Loading, please wait...
starting version 229
[    2.436211] random: systemd-udevd: uninitialized urandom read (16 bytes read, 9 bits of entropy available)
[    2.436212] random: udevadm: uninitialized urandom read (16 bytes read, 9 bits of entropy available)
[    2.436230] random: udevadm: uninitialized urandom read (16 bytes read, 9 bits of entropy available)
[    2.444329] random: udevadm: uninitialized urandom read (16 bytes read, 9 bits of entropy available)
[    2.444378] random: udevadm: uninitialized urandom read (16 bytes read, 9 bits of entropy available)
[    2.444520] random: udevadm: uninitialized urandom read (16 bytes read, 9 bits of entropy available)
[    2.444558] random: udevadm: uninitialized urandom read (16 bytes read, 9 bits of entropy available)
[    2.444628] random: udevadm: uninitialized urandom read (16 bytes read, 9 bits of entropy available)
[    2.444666] random: udevadm: uninitialized urandom read (16 bytes read, 9 bits of entropy available)
[    2.444721] random: udevadm: uninitialized urandom read (16 bytes read, 9 bits of entropy available)
[    2.555740] e1000: Intel(R) PRO/1000 Network Driver - version 7.3.21-k8-NAPI
[    2.563433] e1000: Copyright (c) 1999-2006 Intel Corporation.
[    2.568309] Fusion MPT base driver 3.04.20
[    2.571706] Copyright (c) 1999-2008 LSI Corporation
[    2.600938] SSE version of gcm_enc/dec engaged.
[    2.609843] Fusion MPT SPI Host driver 3.04.20
[    2.804264] input: ImExPS/2 Generic Explorer Mouse as /devices/platform/i8042/serio1/input/input4
[    3.442273] e1000 0000:00:03.0 eth0: (PCI:33MHz:32-bit) 02:be:82:6b:cc:1d
[    3.448564] e1000 0000:00:03.0 eth0: Intel(R) PRO/1000 Network Connection
[    3.458944] e1000 0000:00:03.0 enp0s3: renamed from eth0
[    3.464068] mptbase: ioc0: Initiating bringup
[    3.711261] ioc0: LSI53C1030 A0: Capabilities={Initiator}
[    3.934540] scsi host2: ioc0: LSI53C1030 A0, FwRev=00000000h, Ports=1, MaxQ=256, IRQ=20
[    4.076593] scsi 2:0:0:0: Direct-Access     VBOX     HARDDISK         1.0  PQ: 0 ANSI: 5
[    4.086613] scsi target2:0:0: Beginning Domain Validation
[    4.100916] scsi target2:0:0: Domain Validation skipping write tests
[    4.109022] scsi target2:0:0: Ending Domain Validation
[    4.114670] scsi target2:0:0: asynchronous
[    4.124115] scsi 2:0:1:0: Direct-Access     VBOX     HARDDISK         1.0  PQ: 0 ANSI: 5
[    4.133276] scsi target2:0:1: Beginning Domain Validation
[    4.147561] scsi target2:0:1: Domain Validation skipping write tests
[    4.154433] scsi target2:0:1: Ending Domain Validation
[    4.160788] scsi target2:0:1: asynchronous
[    4.198824] sd 2:0:0:0: Attached scsi generic sg0 type 0
[    4.206893] sd 2:0:0:0: [sda] 83886080 512-byte logical blocks: (42.9 GB/40.0 GiB)
[    4.207453] sd 2:0:1:0: Attached scsi generic sg1 type 0
[    4.208150] sd 2:0:1:0: [sdb] 20480 512-byte logical blocks: (10.5 MB/10.0 MiB)
[    4.208947] sd 2:0:1:0: [sdb] Write Protect is off
[    4.209554] sd 2:0:1:0: [sdb] Incomplete mode parameter data
[    4.209555] sd 2:0:1:0: [sdb] Assuming drive cache: write through
[    4.227790] sd 2:0:1:0: [sdb] Attached SCSI disk
[    4.265122] sd 2:0:0:0: [sda] Write Protect is off
[    4.271128] sd 2:0:0:0: [sda] Incomplete mode parameter data
[    4.276742] sd 2:0:0:0: [sda] Assuming drive cache: write through
[    4.291760]  sda: sda1
[    4.300695] sd 2:0:0:0: [sda] Attached SCSI disk
Begin: Loading essential drivers ... [    5.831824] md: linear personality registered for level -1
[    5.841284] md: multipath personality registered for level -4
[    5.848450] md: raid0 personality registered for level 0
[    5.862328] md: raid1 personality registered for level 1
[    5.938311] raid6: sse2x1   gen() 13444 MB/s
[    6.009409] raid6: sse2x1   xor()  6841 MB/s
[    6.081863] raid6: sse2x2   gen() 15098 MB/s
[    6.153150] raid6: sse2x2   xor() 11162 MB/s
[    6.225366] raid6: sse2x4   gen() 18073 MB/s
[    6.297469] raid6: sse2x4   xor() 11239 MB/s
[    6.301525] raid6: using algorithm sse2x4 gen() 18073 MB/s
[    6.305108] raid6: .... xor() 11239 MB/s, rmw enabled
[    6.308726] raid6: using ssse3x2 recovery algorithm
[    6.315090] xor: measuring software checksum speed
[   10.725279]    prefetch64-sse: 1622763.704 MB/sec
[   11.790710]    generic_sse: 906106.704 MB/sec
[   11.794785] xor: using function: prefetch64-sse (1622763.704 MB/sec)
[   11.801061] async_tx: api initialized (async)
[   11.831706] md: raid6 personality registered for level 6
[   11.836072] md: raid5 personality registered for level 5
[   11.839604] md: raid4 personality registered for level 4
[   11.857305] md: raid10 personality registered for level 10
done.
Begin: Running /scripts/init-premount ... done.
Begin: Mounting root file system ... Begin: Running /scripts/local-top ... done.
Begin: Running /scripts/local-premount ... [   11.925198] Btrfs loaded
Scanning for Btrfs filesystems
done.
Warning: fsck not present, so skipping root file system
[   11.973028] EXT4-fs (sda1): mounted filesystem with ordered data mode. Opts: (null)
done.
Begin: Running /scripts/local-bottom ... done.
Begin: Running /scripts/init-bottom ... done.
[   12.120975] systemd[1]: systemd 229 running in system mode. (+PAM +AUDIT +SELINUX +IMA +APPARMOR +SMACK +SYSVINIT +UTMP +LIBCRYPTSETUP +GCRYPT +GNUTLS +ACL +XZ -LZ4 +SECCOMP +BLKID +ELFUTILS +KMOD -IDN)
[   12.133950] systemd[1]: Detected virtualization oracle.
[   12.138286] systemd[1]: Detected architecture x86-64.

Welcome to [1mUbuntu 16.04.7 LTS[0m!

[   12.150879] systemd[1]: Set hostname to <ubuntu>.
[   12.159585] systemd[1]: Initializing machine ID from random generator.
[   12.164791] systemd[1]: Installed transient /etc/machine-id file.
[   12.366369] systemd[1]: Started Trigger resolvconf update for networkd DNS.
[[0;32m  OK  [0m] Started Trigger resolvconf update for networkd DNS.
[   12.378845] systemd[1]: Listening on LVM2 poll daemon socket.
[[0;32m  OK  [0m] Listening on LVM2 poll daemon socket.
[   12.390548] systemd[1]: Reached target System Time Synchronized.
[[0;32m  OK  [0m] Reached target System Time Synchronized.
[   12.404425] systemd[1]: Listening on Journal Socket (/dev/log).
[[0;32m  OK  [0m] Listening on Journal Socket (/dev/log).
[   12.415219] systemd[1]: Set up automount Arbitrary Executable File Formats File System Automount Point.
[[0;32m  OK  [0m] Set up automount Arbitrary Executab...ats File System Automount Point.
[   12.429107] systemd[1]: Listening on /dev/initctl Compatibility Named Pipe.
[[0;32m  OK  [0m] Listening on /dev/initctl Compatibility Named Pipe.
[   12.440636] systemd[1]: Reached target Swap.
[[0;32m  OK  [0m] Reached target Swap.
[   12.449994] systemd[1]: Listening on fsck to fsckd communication Socket.
[[0;32m  OK  [0m] Listening on fsck to fsckd communication Socket.
[   12.461549] systemd[1]: Listening on udev Control Socket.
[[0;32m  OK  [0m] Listening on udev Control Socket.
[   12.473168] systemd[1]: Listening on LVM2 metadata daemon socket.
[[0;32m  OK  [0m] Listening on LVM2 metadata daemon socket.
[   12.486412] systemd[1]: Listening on Journal Audit Socket.
[[0;32m  OK  [0m] Listening on Journal Audit Socket.
[   12.497682] systemd[1]: Created slice User and Session Slice.
[[0;32m  OK  [0m] Created slice User and Session Slice.
[   12.508227] systemd[1]: Reached target User and Group Name Lookups.
[[0;32m  OK  [0m] Reached target User and Group Name Lookups.
[   12.519799] systemd[1]: Listening on Journal Socket.
[[0;32m  OK  [0m] Listening on Journal Socket.
[   12.529737] systemd[1]: Listening on udev Kernel Socket.
[[0;32m  OK  [0m] Listening on udev Kernel Socket.
[   12.539684] systemd[1]: Listening on Device-mapper event daemon FIFOs.
[[0;32m  OK  [0m] Listening on Device-mapper event daemon FIFOs.
[   12.550791] systemd[1]: Started Forward Password Requests to Wall Directory Watch.
[[0;32m  OK  [0m] Started Forward Password Requests to Wall Directory Watch.
[   12.562731] systemd[1]: Reached target Encrypted Volumes.
[[0;32m  OK  [0m] Reached target Encrypted Volumes.
[   12.572781] systemd[1]: Listening on Syslog Socket.
[[0;32m  OK  [0m] Listening on Syslog Socket.
[   12.582221] systemd[1]: Created slice System Slice.
[[0;32m  OK  [0m] Created slice System Slice.
[   12.617740] systemd[1]: Starting Uncomplicated firewall...
         Starting Uncomplicated firewall...
[   12.627329] systemd[1]: Reached target Slices.
[[0;32m  OK  [0m] Reached target Slices.
[   12.634380] systemd[1]: Mounting Huge Pages File System...
         Mounting Huge Pages File System...
[   12.641946] systemd[1]: Created slice system-serial\x2dgetty.slice.
[[0;32m  OK  [0m] Created slice system-serial\x2dgetty.slice.
[   12.650411] systemd[1]: Starting Set console keymap...
[   12.651227] random: nonblocking pool is initialized
         Starting Set console keymap...
[   12.661918] systemd[1]: Starting Create list of required static device nodes for the current kernel...
         Starting Create list of required st... nodes for the current kernel...
[   12.674737] systemd[1]: Starting Journal Service...
         Starting Journal Service...
[   12.686473] systemd[1]: Starting Load Kernel Modules...
         Starting Load Kernel Modules...
[   12.699330] systemd[1]: Starting Monitoring of LVM2 mirrors, snapshots etc. using dmeventd or progress polling...
         Starting Monitoring of LVM2 mirrors... dmeventd or progress polling...
[   12.727051] systemd[1]: Mounting Debug File System...
[   12.734919] Loading iSCSI transport class v2.0-870.
         Mounting Debug File System...
[   12.747126] systemd[1]: Mounting POSIX Message Queue File System...
         Mounting POSIX Message Queue File System...
[   12.759480] systemd[1]: Starting Nameserver information manager...
         Starting Nameserver information manager...[   12.770340] iscsi: registered transport (tcp)

[   12.773591] systemd[1]: Starting File System Check on Root Device...
         Starting File System Check on Root Device...
[   12.788465] systemd[1]: Mounted Huge Pages File System.
[[0;32m  OK  [0m] Mounted Huge Pages File System.
[   12.799612] systemd[1]: Mounted POSIX Message Queue File System.
[[0;32m  OK  [0m] Mounted POSIX Message Queue File System.
[   12.814666] systemd[1]: Mounted Debug File System.
[[0;32m  OK  [0m] Mounted Debug File System.
[   12.826433] systemd[1]: Started Journal Service.
[[0;32m  OK  [0m] Started Journal Service.
[[0;32m  OK  [0m] Started Uncomplicated firewall.
[[0;32m  OK  [0m] Started Set console keymap.
[[0;32m  OK  [0m] Started Create list of required sta...ce nodes for the current kernel.
[   12.870604] iscsi: registered transport (iser)
[[0;32m  OK  [0m] Started File System Check on Root Device.
[[0;32m  OK  [0m] Started Load Kernel Modules.
[[0;32m  OK  [0m] Started Nameserver information manager.
[[0;32m  OK  [0m] Started LVM2 metadata daemon.
[[0;32m  OK  [0m] Started File System Check Daemon to report status.
         Mounting FUSE Control File System...
         Starting Apply Kernel Variables...
         Starting Remount Root and Kernel File Systems...
         Starting Create Static Device Nodes in /dev...
[[0;32m  OK  [0m] Mounted FUSE Control File System.
[[0;32m  OK  [0m] Started Apply Kernel Variables.
[[0;32m  OK  [0m] Started Remount Root and Kernel File Systems.
[[0;32m  OK  [0m] Started Create Static Device Nodes in /dev.
         Starting udev Kernel Device Manager...
         Starting Load/Save Random Seed...
         Starting udev Coldplug all Devices...
         Starting Flush Journal to Persistent Storage...
[[0;32m  OK  [0m] Started Load/Save Random Seed.
[[0;32m  OK  [0m] Started Flush Journal to Persistent Storage.
[[0;32m  OK  [0m] Started udev Kernel Device Manager.
[[0;32m  OK  [0m] Started udev Coldplug all Devices.
[[0;32m  OK  [0m] Started Dispatch Password Requests to Console Directory Watch.
[[0;32m  OK  [0m] Started Monitoring of LVM2 mirrors,...ng dmeventd or progress polling.
[[0;32m  OK  [0m] Reached target Local File Systems (Pre).
[[0;32m  OK  [0m] Reached target Local File Systems.
         Starting Create Volatile Files and Directories...
         Starting Set console font and keymap...
         Starting Commit a transient machine-id on disk...
         Starting LSB: AppArmor initialization...
         Starting Initial cloud-init job (pre-networking)...
         Starting Tell Plymouth To Write Out Runtime Data...
[[0;32m  OK  [0m] Started Create Volatile Files and Directories.
[[0;32m  OK  [0m] Started Commit a transient machine-id on disk.
[[0;32m  OK  [0m] Started Tell Plymouth To Write Out Runtime Data.
[[0;32m  OK  [0m] Found device /dev/ttyS0.
[[0;32m  OK  [0m] Listening on Load/Save RF Kill Switch Status /dev/rfkill Watch.
         Starting Update UTMP about System Boot/Shutdown...
[[0;32m  OK  [0m] Started Update UTMP about System Boot/Shutdown.
[[0;32m  OK  [0m] Started LSB: AppArmor initialization.
         Starting Load AppArmor profiles managed internally by snapd...
[   14.797806] cloud-init[499]: Cloud-init v. 21.1-19-gbad84ad4-0ubuntu1~16.04.2 running 'init-local' at Mon, 13 Mar 2023 13:19:58 +0000. Up 14.10 seconds.
[[0;32m  OK  [0m] Started Load AppArmor profiles managed internally by snapd.
[[0;32m  OK  [0m] Started Initial cloud-init job (pre-networking).
[[0;32m  OK  [0m] Reached target Network (Pre).
         Starting Raise network interfaces...
[[0;32m  OK  [0m] Started Set console font and keymap.
[[0;32m  OK  [0m] Created slice system-getty.slice.
[[0;32m  OK  [0m] Started Raise network interfaces.
[[0;32m  OK  [0m] Reached target Network.
         Starting Initial cloud-init job (metadata service crawler)...
[   16.407351] cloud-init[939]: Cloud-init v. 21.1-19-gbad84ad4-0ubuntu1~16.04.2 running 'init' at Mon, 13 Mar 2023 13:19:59 +0000. Up 15.79 seconds.
[   16.412384] cloud-init[939]: ci-info: ++++++++++++++++++++++++++++++++++++++Net device info++++++++++++++++++++++++++++++++++++++
[   16.416822] cloud-init[939]: ci-info: +--------+------+----------------------------+---------------+--------+-------------------+
[   16.421108] cloud-init[939]: ci-info: | Device |  Up  |          Address           |      Mask     | Scope  |     Hw-Address    |
[   16.425359] cloud-init[939]: ci-info: +--------+------+----------------------------+---------------+--------+-------------------+
[   16.429926] cloud-init[939]: ci-info: | enp0s3 | True |         10.0.2.15          | 255.255.255.0 | global | 02:be:82:6b:cc:1d |
[   16.434146] cloud-init[939]: ci-info: | enp0s3 | True | fe80::be:82ff:fe6b:cc1d/64 |       .       |  link  | 02:be:82:6b:cc:1d |
[   16.438478] cloud-init[939]: ci-info: |   lo   | True |         127.0.0.1          |   255.0.0.0   |  host  |         .         |
[   16.442674] cloud-init[939]: ci-info: |   lo   | True |          ::1/128           |       .       |  host  |         .         |
[   16.447064] cloud-init[939]: ci-info: +--------+------+----------------------------+---------------+--------+-------------------+
[   16.451498] cloud-init[939]: ci-info: +++++++++++++++++++++++++++Route IPv4 info++++++++++++++++++++++++++++
[   16.455457] cloud-init[939]: ci-info: +-------+-------------+----------+---------------+-----------+-------+
[   16.459382] cloud-init[939]: ci-info: | Route | Destination | Gateway  |    Genmask    | Interface | Flags |
[   16.463356] cloud-init[939]: ci-info: +-------+-------------+----------+---------------+-----------+-------+
[   16.467227] cloud-init[939]: ci-info: |   0   |   0.0.0.0   | 10.0.2.2 |    0.0.0.0    |   enp0s3  |   UG  |
[   16.471916] cloud-init[939]: ci-info: |   1   |   10.0.2.0  | 0.0.0.0  | 255.255.255.0 |   enp0s3  |   U   |
[   16.475847] cloud-init[939]: ci-info: +-------+-------------+----------+---------------+-----------+-------+
[   16.479943] cloud-init[939]: ci-info: +++++++++++++++++++Route IPv6 info+++++++++++++++++++
[   16.483527] cloud-init[939]: ci-info: +-------+-------------+---------+-----------+-------+
[   16.487208] cloud-init[939]: ci-info: | Route | Destination | Gateway | Interface | Flags |
[   16.491474] cloud-init[939]: ci-info: +-------+-------------+---------+-----------+-------+
[   16.495177] cloud-init[939]: ci-info: |   0   |  fe80::/64  |    ::   |   enp0s3  |   U   |
[   16.498810] cloud-init[939]: ci-info: |   3   |   ff00::/8  |    ::   |   enp0s3  |   U   |
[   16.502428] cloud-init[939]: ci-info: +-------+-------------+---------+-----------+-------+
[   16.506169] cloud-init[939]: Generating public/private rsa key pair.
[   16.509685] cloud-init[939]: Your identification has been saved in /etc/ssh/ssh_host_rsa_key.
[   16.513426] cloud-init[939]: Your public key has been saved in /etc/ssh/ssh_host_rsa_key.pub.
[   16.517158] cloud-init[939]: The key fingerprint is:
[   16.519887] cloud-init[939]: SHA256:+T1PBNE9HdNm8H6/TEHLBaNdvQhT5fcpcO44zSmLmgM root@ubuntu-xenial
[   16.524231] cloud-init[939]: The key's randomart image is:
[   16.525230] cloud-init[939]: +---[RSA 2048]----+
[   16.525634] cloud-init[939]: |            oo=**|
[   16.525938] cloud-init[939]: |           o +o*O|
[   16.526253] cloud-init[939]: |           .=.o=*|
[   16.526557] cloud-init[939]: |         .  +ooo*|
[   16.526864] cloud-init[939]: |        S    o.=+|
[   16.527176] cloud-init[939]: |     E   . .=.o +|
[   16.527483] cloud-init[939]: |      .   .+o=...|
[   16.527841] cloud-init[939]: |       .. . ++o .|
[   16.528640] cloud-init[939]: |       oo. .  .o |
[   16.528940] cloud-init[939]: +----[SHA256]-----+
[   16.529251] cloud-init[939]: Generating public/private dsa key pair.
[   16.529577] cloud-init[939]: Your identification has been saved in /etc/ssh/ssh_host_dsa_key.
[   16.529862] cloud-init[939]: Your public key has been saved in /etc/ssh/ssh_host_dsa_key.pub.
[   16.530181] cloud-init[939]: The key fingerprint is:
[   16.530483] cloud-init[939]: SHA256:Ki3SK4h+LXRu6f/n11NEyktOADSbNL2IWUi0Xh0nCRU root@ubuntu-xenial
[   16.530789] cloud-init[939]: The key's randomart image is:
[   16.531107] cloud-init[939]: +---[DSA 1024]----+
[   16.531411] cloud-init[939]: |       oooB=Eo.  |
[   16.531715] cloud-init[939]: |        .o.*++  .|
[   16.532189] cloud-init[939]: |        .++..+ o |
[   16.532390] cloud-init[939]: |       .o.. . = .|
[   16.532722] cloud-init[939]: |        S    + o |
[   16.533018] cloud-init[939]: |   o o .      o .|
[   16.533321] cloud-init[939]: |..o B +       . .|
[   16.533626] cloud-init[939]: |o .+ O     . . o |
[   16.533942] cloud-init[939]: |....=.....o..   .|
[   16.534287] cloud-init[939]: +----[SHA256]-----+
[   16.534558] cloud-init[939]: Generating public/private ecdsa key pair.
[   16.534892] cloud-init[939]: Your identification has been saved in /etc/ssh/ssh_host_ecdsa_key.
[   16.535190] cloud-init[939]: Your public key has been saved in /etc/ssh/ssh_host_ecdsa_key.pub.
[   16.535499] cloud-init[939]: The key fingerprint is:
[   16.535793] cloud-init[939]: SHA256:2igyuOfLTC0WG9ZTbaZNWTBVFe/N12OKi4NkAWtk7nM root@ubuntu-xenial
[   16.535868] cloud-init[939]: The key's randomart image is:
[   16.535921] cloud-init[939]: +---[ECDSA 256]---+
[   16.535972] cloud-init[939]: |        ooo...o. |
[   16.536169] cloud-init[939]: |     + . +     . |
[   16.536399] cloud-init[939]: |    + + *       .|
[   16.536453] cloud-init[939]: |   . = B       oo|
[   16.536506] cloud-init[939]: |  + = . S      o*|
[   16.536558] cloud-init[939]: | o = + E    . o o|
[   16.536942] cloud-init[939]: |. B o B o  . .   |
[   16.537249] cloud-init[939]: | *.+ . . .. .    |
[   16.537553] cloud-init[939]: |.o=.     ...     |
[   16.537864] cloud-init[939]: +----[SHA256]-----+
[   16.538170] cloud-init[939]: Generating public/private ed25519 key pair.
[   16.538497] cloud-init[939]: Your identification has been saved in /etc/ssh/ssh_host_ed25519_key.
[   16.538791] cloud-init[939]: Your public key has been saved in /etc/ssh/ssh_host_ed25519_key.pub.
[   16.539099] cloud-init[939]: The key fingerprint is:
[   16.539401] cloud-init[939]: SHA256:7LlcmcUhHmdRDUTDaCZaD/XBZ42U3bLQQmtEw7IWwkY root@ubuntu-xenial
[   16.539719] cloud-init[939]: The key's randomart image is:
[   16.540138] cloud-init[939]: +--[ED25519 256]--+
[   16.540358] cloud-init[939]: |       oE  =BXO*o|
[   16.540664] cloud-init[939]: |        + *.B=BoB|
[   16.540983] cloud-init[939]: |       . +oX*o.= |
[   16.541287] cloud-init[939]: |       ...oB...  |
[   16.541612] cloud-init[939]: |        S.. o    |
[   16.541904] cloud-init[939]: |       . . +     |
[   16.542206] cloud-init[939]: |        o +      |
[   16.542512] cloud-init[939]: |       . o       |
[   16.542832] cloud-init[939]: |        o        |
[   16.543157] cloud-init[939]: +----[SHA256]-----+
[[0;32m  OK  [0m] Started Initial cloud-init job (metadata service crawler).
[[0;32m  OK  [0m] Reached target Cloud-config availability.
[[0;32m  OK  [0m] Reached target Network is Online.
         Starting iSCSI initiator daemon (iscsid)...
[[0;32m  OK  [0m] Reached target System Initialization.
[[0;32m  OK  [0m] Listening on ACPID Listen Socket.
[[0;32m  OK  [0m] Started ACPI Events Check.
[[0;32m  OK  [0m] Reached target Paths.
         Starting LXD - unix socket.
[[0;32m  OK  [0m] Started Daily Cleanup of Temporary Directories.
[[0;32m  OK  [0m] Started Message of the Day.
[[0;32m  OK  [0m] Listening on UUID daemon activation socket.
[[0;32m  OK  [0m] Started Daily apt download activities.
[[0;32m  OK  [0m] Started Daily apt upgrade and clean activities.
[[0;32m  OK  [0m] Listening on D-Bus System Message Bus Socket.
         Starting Socket activation for snappy daemon.
[[0;32m  OK  [0m] Started Ubuntu Advantage update messaging.
[[0;32m  OK  [0m] Reached target Timers.
[[0;32m  OK  [0m] Listening on LXD - unix socket.
[[0;32m  OK  [0m] Listening on Socket activation for snappy daemon.
[[0;32m  OK  [0m] Started iSCSI initiator daemon (iscsid).
         Starting Login to default iSCSI targets...
[[0;32m  OK  [0m] Reached target Sockets.
[[0;32m  OK  [0m] Reached target Basic System.
         Starting Virtualbox guest utils...
         Starting System Logging Service...
         Starting LXD - container startup/shutdown...
         Starting Pollinate to seed the pseudo random number generator...
         Starting LSB: Record successful boot for GRUB...
         Starting /etc/rc.local Compatibility...
[[0;32m  OK  [0m] Started Deferred execution scheduler.
[[0;32m  OK  [0m] Started D-Bus System Message Bus.
         Starting LSB: MD monitoring daemon...
         Starting Snap Daemon...
         Starting Accounts Service...
[[0;32m  OK  [0m] Started ACPI event daemon.
         Starting Login Service...
[[0;32m  OK  [0m] Started Regular background program processing daemon.
[[0;32m  OK  [0m] Started FUSE filesystem for LXC.
[[0;32m  OK  [0m] Started System Logging Service.
[[0;32m  OK  [0m] Started /etc/rc.local Compatibility.
[[0;32m  OK  [0m] Started Login to default iSCSI targets.
[[0;32m  OK  [0m] Reached target Remote File Systems (Pre).
[[0;32m  OK  [0m] Reached target Remote File Systems.
         Starting LSB: Set the CPU Frequency Scaling governor to "ondemand"...
         Starting LSB: daemon to balance interrupts for SMP systems...
         Starting LSB: automatic crash report generation...
         Starting Permit User Sessions...
[[0;32m  OK  [0m] Started LSB: Record successful boot for GRUB.
[[0;32m  OK  [0m] Started Permit User Sessions.
         Starting Hold until boot process finishes up...
         Starting Terminate Plymouth Boot Screen...
[[0;32m  OK  [0m] Started Hold until boot process finishes up.
[[0;32m  OK  [0m] Started Login Service.
[[0;32m  OK  [0m] Started Terminate Plymouth Boot Screen.
[[0;32m  OK  [0m] Started LSB: MD monitoring daemon.
[[0;32m  OK  [0m] Started Unattended Upgrades Shutdown.
[[0;32m  OK  [0m] Started Getty on tty1.
[[0;32m  OK  [0m] Started Serial Getty on ttyS0.
[[0;32m  OK  [0m] Reached target Login Prompts.
         Starting Set console scheme...
[[0;32m  OK  [0m] Started LXD - container startup/shutdown.
[[0;32m  OK  [0m] Started LSB: daemon to balance interrupts for SMP systems.
[[0;32m  OK  [0m] Started Set console scheme.
         Starting Authenticate and Authorize Users to Run Privileged Tasks...
[[0;32m  OK  [0m] Started LSB: Set the CPU Frequency Scaling governor to "ondemand".
[[0;32m  OK  [0m] Started LSB: automatic crash report generation.
[[0;32m  OK  [0m] Started Authenticate and Authorize Users to Run Privileged Tasks.
[[0;32m  OK  [0m] Started Accounts Service.
[[0;32m  OK  [0m] Started Virtualbox guest utils.
[[0;32m  OK  [0m] Started Snap Daemon.
         Starting Wait until snapd is fully seeded...
[[0;32m  OK  [0m] Started Wait until snapd is fully seeded.
         Starting Apply the settings specified in cloud-config...
[   18.619901] cloud-init[1269]: Generating locales (this might take a while)...
[[0;32m  OK  [0m] Started Pollinate to seed the pseudo random number generator.
         Starting OpenBSD Secure Shell server...
[[0;32m  OK  [0m] Started OpenBSD Secure Shell server.
[[0;32m  OK  [0m] Reached target Multi-User System.
[[0;32m  OK  [0m] Reached target Graphical Interface.
         Starting Update UTMP about System Runlevel Changes...
[[0;32m  OK  [0m] Started Update UTMP about System Runlevel Changes.
[[0;32m  OK  [0m] Created slice User Slice of vagrant.
         Starting User Manager for UID 1000...
[[0;32m  OK  [0m] Started Session 1 of user vagrant.
[[0;32m  OK  [0m] Started User Manager for UID 1000.
[   20.046663] cloud-init[1269]:   en_US.UTF-8... done
[   20.050950] cloud-init[1269]: Generation complete.
[   20.693069] cloud-init[1269]: Cloud-init v. 21.1-19-gbad84ad4-0ubuntu1~16.04.2 running 'modules:config' at Mon, 13 Mar 2023 13:20:02 +0000. Up 18.48 seconds.
[[0;32m  OK  [0m] Started Apply the settings specified in cloud-config.
         Starting Execute cloud user/final scripts...
ci-info: no authorized SSH keys fingerprints found for user ubuntu.
<14>Mar 13 13:20:05 ec2: 
<14>Mar 13 13:20:05 ec2: #############################################################
<14>Mar 13 13:20:05 ec2: -----BEGIN SSH HOST KEY FINGERPRINTS-----
<14>Mar 13 13:20:05 ec2: 1024 SHA256:Ki3SK4h+LXRu6f/n11NEyktOADSbNL2IWUi0Xh0nCRU root@ubuntu-xenial (DSA)
<14>Mar 13 13:20:05 ec2: 256 SHA256:2igyuOfLTC0WG9ZTbaZNWTBVFe/N12OKi4NkAWtk7nM root@ubuntu-xenial (ECDSA)
<14>Mar 13 13:20:05 ec2: 256 SHA256:7LlcmcUhHmdRDUTDaCZaD/XBZ42U3bLQQmtEw7IWwkY root@ubuntu-xenial (ED25519)
<14>Mar 13 13:20:05 ec2: 2048 SHA256:+T1PBNE9HdNm8H6/TEHLBaNdvQhT5fcpcO44zSmLmgM root@ubuntu-xenial (RSA)
<14>Mar 13 13:20:05 ec2: -----END SSH HOST KEY FINGERPRINTS-----
<14>Mar 13 13:20:05 ec2: #############################################################
-----BEGIN SSH HOST KEY KEYS-----
ecdsa-sha2-nistp256 AAAAE2VjZHNhLXNoYTItbmlzdHAyNTYAAAAIbmlzdHAyNTYAAABBBDy5x7Dw47mceHPGf1xR0Vd9797f7cs3A/Y2iZvfTDyd/+Wl+kRLBR1ch5FwfVnHv8/zibjAzyY6R9zZy1v1ujY= root@ubuntu-xenial
ssh-ed25519 AAAAC3NzaC1lZDI1NTE5AAAAIDsMjY6xc5DJlQOB9ZAxyExkvri9l6KgQg79FH4BT9JC root@ubuntu-xenial
ssh-rsa AAAAB3NzaC1yc2EAAAADAQABAAABAQC2NXa1jTyWsdjUagzGC13gmGU4nKIjkKyIlioiR7r3z6UipwzATH5OdQFkAsYJCcXx3YPRo2bXlYxwC8kdD9ts7q3Dy/LKyN+Lj3aDhZr2Eozw6w0XWIS0TjcNpsVftXAZSI9xtwf2bFV2OpgJGdeqP06odyCXDIxfZ51EURSq8FiwSVvVw1xTKP5mLLf87Tw14w/5WrtJO8AeR/XP1CngrUVMyOWg7v0Y56n+/+ieeiaRg32+AsCLdF0TCLm9x7d8y2rjGuZYRS6XujjtDDlpRbUXRiX2Chw7IlevlisYIK0R5lZgh5RYcbm7kgdDwVYtR+0uFMXuBF4KYqq0mMmb root@ubuntu-xenial
-----END SSH HOST KEY KEYS-----
[   21.339707] cloud-init[1422]: Cloud-init v. 21.1-19-gbad84ad4-0ubuntu1~16.04.2 running 'modules:final' at Mon, 13 Mar 2023 13:20:05 +0000. Up 21.13 seconds.
[   21.346315] cloud-init[1422]: ci-info: no authorized SSH keys fingerprints found for user ubuntu.
[   21.351374] cloud-init[1422]: Cloud-init v. 21.1-19-gbad84ad4-0ubuntu1~16.04.2 finished at Mon, 13 Mar 2023 13:20:05 +0000. Datasource DataSourceNoCloud [seed=/dev/sdb][dsmode=net].  Up 21.33 seconds
[[0;32m  OK  [0m] Started Execute cloud user/final scripts.
[[0;32m  OK  [0m] Reached target Cloud-init target.

Ubuntu 16.04.7 LTS ubuntu-xenial ttyS0

ubuntu-xenial login: 